[2026-05-20T11:32:34.768Z] ::1 POST /api/auth/login 200
[2026-05-20T11:32:34.817Z] ::1 GET /api/auth/me 200
[2026-05-20T11:32:34.820Z] ::1 GET /api/users 200
[2026-05-20T11:32:34.829Z] ::1 GET /api/logs 200
[2026-05-20T11:32:34.836Z] ::1 GET /api/ip-blocks 200
[2026-05-20T11:36:03.548Z] ::1 GET / 200
[2026-05-20T11:36:03.587Z] ::1 GET /css/style.css 200
[2026-05-20T11:36:03.589Z] ::1 GET /js/login.js 200
[2026-05-20T11:36:13.882Z] ::1 GET / 304
[2026-05-20T11:36:13.956Z] ::1 GET /css/style.css 304
[2026-05-20T11:36:13.961Z] ::1 GET /js/login.js 304
[2026-05-20T11:36:37.951Z] ::1 POST /api/auth/login 200
[2026-05-20T11:36:37.973Z] ::1 GET /dashboard.html 200
[2026-05-20T11:36:38.578Z] ::1 GET /css/style.css 304
[2026-05-20T11:36:38.579Z] ::1 GET /js/dashboard.js 200
[2026-05-20T11:36:38.595Z] ::1 GET /api/auth/me 200
[2026-05-20T11:36:38.623Z] ::1 GET /api/users 200
[2026-05-20T11:36:38.647Z] ::1 GET /api/logs 200
[2026-05-20T11:36:38.659Z] ::1 GET /api/ip-blocks 200
[2026-05-20T11:37:28.882Z] ::1 POST /api/auth/login 200
[2026-05-20T11:37:29.083Z] ::1 POST /api/users 201
[2026-05-20T11:37:29.092Z] ::1 PATCH /api/users/usr_1779277049078 200
[2026-05-20T11:37:29.096Z] ::1 DELETE /api/users/usr_1779277049078 204
[2026-05-20T11:37:29.105Z] ::1 POST /api/ip-blocks 201
[2026-05-20T11:37:29.108Z] ::1 DELETE /api/ip-blocks/203.0.113.10 204
[2026-05-20T11:39:23.889Z] ::1 GET / 304
[2026-05-20T11:39:23.923Z] ::1 GET /css/style.css 304
[2026-05-20T11:39:23.923Z] ::1 GET /js/login.js 304
[2026-05-20T12:24:58.590Z] ::1 POST /api/auth/login 200
[2026-05-20T12:24:58.833Z] ::1 POST /api/users 201
[2026-05-20T12:24:59.052Z] ::1 POST /api/auth/login 200
[2026-05-20T12:24:59.056Z] ::1 POST /api/ip-blocks 403
[2026-05-20T12:24:59.263Z] ::1 POST /api/ip-blocks 201
[2026-05-20T12:24:59.268Z] ::1 DELETE /api/ip-blocks/198.51.100.77 204
[2026-05-20T12:24:59.271Z] ::1 GET /api/logs/audit 200
[2026-05-20T12:24:59.282Z] ::1 GET /api/logs?method=POST 200
[2026-05-20T12:24:59.289Z] ::1 DELETE /api/users/usr_1779279898828 204
[2026-05-20T12:25:10.635Z] ::1 GET / 304
[2026-05-20T12:25:10.651Z] ::1 GET /js/login.js 304
[2026-05-20T12:25:10.652Z] ::1 GET /css/style.css 200
[2026-05-20T12:25:46.716Z] ::1 GET /dashboard.html 200
[2026-05-20T12:25:46.742Z] ::1 GET /css/style.css 304
[2026-05-20T12:25:46.744Z] ::1 GET /js/dashboard.js 200
[2026-05-20T12:25:47.178Z] ::1 GET /api/auth/me 401
[2026-05-20T12:25:47.192Z] ::1 GET /api/users 401
[2026-05-20T12:25:47.193Z] ::1 GET / 304
[2026-05-20T12:25:47.207Z] ::1 GET /api/logs 401
[2026-05-20T12:25:47.207Z] ::1 GET / 304
[2026-05-20T12:25:47.224Z] ::1 GET /css/style.css 304
[2026-05-20T12:25:47.224Z] ::1 GET /js/login.js 304
[2026-05-20T12:27:59.612Z] ::1 GET / 304
[2026-05-20T12:27:59.900Z] ::1 GET /css/style.css 304
[2026-05-20T12:27:59.906Z] ::1 GET /js/login.js 304
[2026-06-29T15:13:44.633Z] ::1 POST /api/auth/login 200
[2026-06-29T15:13:44.692Z] ::1 GET /api/intelligence/signal-map?keyword=%ED%99%98%EB%B6%88 200
[2026-06-29T15:13:44.704Z] ::1 GET /api/intelligence/moderation-queue 200
[2026-06-29T15:14:00.843Z] ::1 POST /api/auth/login 200
[2026-06-29T15:14:00.877Z] ::1 GET /api/intelligence/moderation-queue 200
[2026-06-29T15:14:00.915Z] ::1 POST /api/intelligence/moderation-queue/post_102/action 201
[2026-06-29T15:14:00.918Z] ::1 GET /api/logs/audit 200
[2026-06-29T15:14:59.080Z] ::1 GET / 200
[2026-06-29T15:14:59.135Z] ::1 GET /css/style.css 200
[2026-06-29T15:14:59.136Z] ::1 GET /js/login.js 200
[2026-06-29T15:14:59.233Z] ::1 GET /favicon.ico 404
[2026-06-29T15:15:20.377Z] ::1 POST /api/auth/login 200
[2026-06-29T15:15:20.385Z] ::1 GET /dashboard.html 200
[2026-06-29T15:15:20.402Z] ::1 GET /css/style.css 304
[2026-06-29T15:15:20.402Z] ::1 GET /js/dashboard.js 200
[2026-06-29T15:15:20.429Z] ::1 GET /api/auth/me 200
[2026-06-29T15:15:20.436Z] ::1 GET /api/users 200
[2026-06-29T15:15:20.441Z] ::1 GET /api/logs 200
[2026-06-29T15:15:20.447Z] ::1 GET /api/logs/audit 200
[2026-06-29T15:15:20.451Z] ::1 GET /api/ip-blocks 200
[2026-06-29T15:15:20.459Z] ::1 GET /api/intelligence/signal-map 200
[2026-06-29T15:15:20.464Z] ::1 GET /api/intelligence/moderation-queue 200
[2026-06-29T15:20:12.745Z] ::1 GET / 200
[2026-06-29T15:20:12.797Z] ::1 GET /css/style.css 200
[2026-06-29T15:20:12.797Z] ::1 GET /js/login.js 200
[2026-06-29T15:20:12.885Z] ::1 GET /favicon.ico 404
[2026-06-29T15:20:20.922Z] ::1 POST /api/auth/login 200
[2026-06-29T15:20:20.947Z] ::1 GET /dashboard.html 200
[2026-06-29T15:20:20.989Z] ::1 GET /css/style.css 304
[2026-06-29T15:20:21.104Z] ::1 GET /js/dashboard.js 200
[2026-06-29T15:20:21.174Z] ::1 GET /api/auth/me 200
[2026-06-29T15:20:21.178Z] ::1 GET /api/users 200
[2026-06-29T15:20:21.199Z] ::1 GET /api/logs 200
[2026-06-29T15:20:21.207Z] ::1 GET /api/logs/audit 200
[2026-06-29T15:20:21.225Z] ::1 GET /api/ip-blocks 200
[2026-06-29T15:20:21.245Z] ::1 GET /api/intelligence/signal-map 200
[2026-06-29T15:20:21.253Z] ::1 GET /api/intelligence/moderation-queue 200
[2026-06-29T15:20:26.128Z] ::1 GET /api/intelligence/signal-map?keyword=%ED%99%98%EB%B6%88 200
[2026-06-29T15:24:37.226Z] ::1 GET /api/users 304
[2026-06-29T15:24:37.233Z] ::1 GET /api/logs 200
[2026-06-29T15:24:37.239Z] ::1 GET /api/logs/audit 304
[2026-06-29T15:24:37.245Z] ::1 GET /api/ip-blocks 304
[2026-06-29T15:24:37.251Z] ::1 GET /api/intelligence/signal-map 304
[2026-06-29T15:24:37.257Z] ::1 GET /api/intelligence/moderation-queue 304
[2026-06-29T15:24:44.071Z] ::1 GET / 304
[2026-06-29T15:24:44.127Z] ::1 GET /css/style.css 304
[2026-06-29T15:24:44.128Z] ::1 GET /js/login.js 304
[2026-06-29T15:25:35.083Z] ::1 POST /api/auth/login 200
[2026-06-29T15:25:35.095Z] ::1 GET /dashboard.html 304
[2026-06-29T15:25:35.134Z] ::1 GET /css/style.css 304
[2026-06-29T15:25:35.134Z] ::1 GET /js/dashboard.js 304
[2026-06-29T15:25:35.183Z] ::1 GET /api/auth/me 200
[2026-06-29T15:25:35.204Z] ::1 GET /api/users 200
[2026-06-29T15:25:35.208Z] ::1 GET /api/logs 200
[2026-06-29T15:25:35.214Z] ::1 GET /api/logs/audit 304
[2026-06-29T15:25:35.224Z] ::1 GET /api/ip-blocks 304
[2026-06-29T15:25:35.233Z] ::1 GET /api/intelligence/signal-map 304
[2026-06-29T15:25:35.239Z] ::1 GET /api/intelligence/moderation-queue 304
[2026-06-29T15:25:38.675Z] ::1 GET /api/intelligence/signal-map?keyword=%EC%8B%A0%EA%B3%A0 200
[2026-06-29T15:25:41.265Z] ::1 POST /api/auth/logout 200
[2026-06-29T15:25:41.275Z] ::1 GET / 304
[2026-06-29T15:25:41.298Z] ::1 GET /css/style.css 304
[2026-06-29T15:25:41.298Z] ::1 GET /js/login.js 304
[2026-06-29T15:25:44.618Z] ::1 POST /api/auth/login 200
[2026-06-29T15:25:44.628Z] ::1 GET /dashboard.html 304
[2026-06-29T15:25:44.648Z] ::1 GET /css/style.css 304
[2026-06-29T15:25:44.652Z] ::1 GET /js/dashboard.js 304
[2026-06-29T15:25:44.694Z] ::1 GET /api/auth/me 200
[2026-06-29T15:25:44.702Z] ::1 GET /api/users 200
[2026-06-29T15:25:44.709Z] ::1 GET /api/logs 200
[2026-06-29T15:25:44.723Z] ::1 GET /api/logs/audit 304
[2026-06-29T15:25:44.731Z] ::1 GET /api/ip-blocks 304
[2026-06-29T15:25:44.740Z] ::1 GET /api/intelligence/signal-map 304
[2026-06-29T15:25:44.749Z] ::1 GET /api/intelligence/moderation-queue 304
[2026-06-29T15:28:16.650Z] ::1 GET /dashboard.html 304
[2026-06-29T15:28:16.685Z] ::1 GET /css/style.css 304
[2026-06-29T15:28:16.697Z] ::1 GET /js/dashboard.js 304
[2026-06-29T15:28:16.746Z] ::1 GET /api/auth/me 304
[2026-06-29T15:28:16.768Z] ::1 GET /api/users 304
[2026-06-29T15:28:16.779Z] ::1 GET /api/logs 200
[2026-06-29T15:28:16.789Z] ::1 GET /api/logs/audit 304
[2026-06-29T15:28:16.797Z] ::1 GET /api/ip-blocks 304
[2026-06-29T15:28:16.808Z] ::1 GET /api/intelligence/signal-map 304
[2026-06-29T15:28:16.824Z] ::1 GET /api/intelligence/moderation-queue 304
